// Jest Snapshot v1, https://goo.gl/fbAQLP

exports[`docs-search-bar Render logic should render 1`] = `
<docs-search-bar class="css-1c8623v">
  <div>
    <div>
      <input class="amplify-docs-search-input three-dee-effect" placeholder="Search" type="search">
      <img alt="search" src="/assets/search.svg">
    </div>
  </div>
</docs-search-bar>
`;
