// Jest Snapshot v1, https://goo.gl/fbAQLP

exports[`docs-chat-button Render logic should render 1`] = `
<docs-chat-button>
  <amplify-external-link class="css-14kryf8" graphic="white" href="https://gitter.im/AWS-Amplify/Lobby">
    Open Chat
  </amplify-external-link>
</docs-chat-button>
`;
